\BOOKMARK [0][-]{chapter.1}{\376\377\000I\000n\000t\000r\000o\000d\000u\000c\000c\000i\000\363\000n}{}% 1
\BOOKMARK [0][-]{chapter.2}{\376\377\000A\000n\000t\000e\000c\000e\000d\000e\000n\000t\000e\000s}{}% 2
\BOOKMARK [0][-]{chapter.3}{\376\377\000D\000e\000s\000c\000r\000i\000p\000c\000i\000\363\000n\000\040\000d\000e\000l\000\040\000P\000r\000o\000y\000e\000c\000t\000o}{}% 3
\BOOKMARK [0][-]{chapter.4}{\376\377\000P\000l\000a\000n\000t\000e\000a\000m\000i\000e\000n\000t\000o\000\040\000d\000e\000l\000\040\000P\000r\000o\000b\000l\000e\000m\000a}{}% 4
\BOOKMARK [0][-]{chapter.5}{\376\377\000J\000u\000s\000t\000i\000f\000i\000c\000a\000c\000i\000\363\000n}{}% 5
\BOOKMARK [1][-]{section.5.1}{\376\377\000J\000u\000s\000t\000i\000f\000i\000c\000a\000c\000i\000\363\000n\000\040\000e\000\040\000i\000m\000p\000o\000r\000t\000a\000n\000c\000i\000a}{chapter.5}% 6
\BOOKMARK [0][-]{chapter.6}{\376\377\000O\000b\000j\000e\000t\000i\000v\000o\000s}{}% 7
\BOOKMARK [1][-]{section.6.1}{\376\377\000O\000b\000j\000e\000t\000i\000v\000o\000\040\000g\000e\000n\000e\000r\000a\000l}{chapter.6}% 8
\BOOKMARK [1][-]{section.6.2}{\376\377\000O\000b\000j\000e\000t\000i\000v\000o\000s\000\040\000e\000s\000p\000e\000c\000\355\000f\000i\000c\000o\000s}{chapter.6}% 9
\BOOKMARK [0][-]{chapter.7}{\376\377\000M\000e\000t\000o\000d\000o\000l\000o\000g\000\355\000a}{}% 10
\BOOKMARK [1][-]{subsection.7.0.1}{\376\377\000F\000u\000n\000d\000a\000m\000e\000n\000t\000a\000c\000i\000\363\000n}{chapter.7}% 11
\BOOKMARK [2][-]{subsection.7.0.2}{\376\377\000R\000e\000f\000e\000r\000e\000n\000c\000i\000a\000\040\000a\000l\000\040\000W\000B\000S}{subsection.7.0.1}% 12
\BOOKMARK [2][-]{subsection.7.0.3}{\376\377\000A\000p\000l\000i\000c\000a\000c\000i\000\363\000n\000\040\000a\000l\000\040\000p\000r\000o\000y\000e\000c\000t\000o}{subsection.7.0.1}% 13
\BOOKMARK [0][-]{chapter.8}{\376\377\000E\000s\000t\000\341\000n\000d\000a\000r\000e\000s}{}% 14
\BOOKMARK [1][-]{section.8.1}{\376\377\000E\000s\000t\000\341\000n\000d\000a\000r\000e\000s\000\040\000d\000e\000\040\000D\000o\000c\000u\000m\000e\000n\000t\000a\000c\000i\000\363\000n}{chapter.8}% 15
\BOOKMARK [1][-]{section.8.2}{\376\377\000E\000s\000t\000\341\000n\000d\000a\000r\000e\000s\000\040\000d\000e\000\040\000P\000r\000o\000g\000r\000a\000m\000a\000c\000i\000\363\000n}{chapter.8}% 16
\BOOKMARK [1][-]{section.8.3}{\376\377\000E\000s\000t\000\341\000n\000d\000a\000r\000e\000s\000\040\000d\000e\000\040\000B\000a\000s\000e\000\040\000d\000e\000\040\000D\000a\000t\000o\000s}{chapter.8}% 17
\BOOKMARK [1][-]{section.8.4}{\376\377\000E\000s\000t\000\341\000n\000d\000a\000r\000e\000s\000\040\000d\000e\000\040\000I\000n\000t\000e\000r\000f\000a\000z}{chapter.8}% 18
\BOOKMARK [0][-]{chapter.9}{\376\377\000C\000o\000s\000t\000o\000s\000\040\000y\000\040\000F\000a\000c\000t\000i\000b\000i\000l\000i\000d\000a\000d\000\040\000E\000c\000o\000n\000\363\000m\000i\000c\000a}{}% 19
\BOOKMARK [1][-]{section.9.1}{\376\377\0003\000.\0003\000.\0003\000.\000\040\000F\000a\000c\000t\000i\000b\000i\000l\000i\000d\000a\000d\000\040\000E\000c\000o\000n\000\363\000m\000i\000c\000a}{chapter.9}% 20
\BOOKMARK [1][-]{section.9.2}{\376\377\000C\000o\000s\000t\000o\000s\000\040\000d\000e\000\040\000d\000e\000s\000a\000r\000r\000o\000l\000l\000o}{chapter.9}% 21
\BOOKMARK [1][-]{section.9.3}{\376\377\000C\000o\000s\000t\000o\000s\000\040\000d\000e\000\040\000c\000a\000p\000i\000t\000a\000l\000\040\000h\000u\000m\000a\000n\000o}{chapter.9}% 22
\BOOKMARK [1][-]{section.9.4}{\376\377\000C\000a\000r\000g\000o\000s\000\040\000a\000d\000m\000i\000n\000i\000s\000t\000r\000a\000t\000i\000v\000o\000s}{chapter.9}% 23
\BOOKMARK [1][-]{section.9.5}{\376\377\000C\000o\000s\000t\000o\000s\000\040\000t\000o\000t\000a\000l\000e\000s\000\040\000d\000e\000l\000\040\000p\000r\000o\000y\000e\000c\000t\000o}{chapter.9}% 24
\BOOKMARK [1][-]{section.9.6}{\376\377\000R\000e\000s\000u\000m\000e\000n\000\040\000c\000o\000n\000s\000o\000l\000i\000d\000a\000d\000o\000\040\000d\000e\000\040\000c\000o\000s\000t\000o\000s}{chapter.9}% 25
\BOOKMARK [1][-]{section.9.7}{\376\377\000C\000o\000n\000c\000l\000u\000s\000i\000o\000n\000e\000s\000\040\000d\000e\000\040\000l\000a\000\040\000f\000a\000c\000t\000i\000b\000i\000l\000i\000d\000a\000d\000\040\000e\000c\000o\000n\000\363\000m\000i\000c\000a}{chapter.9}% 26
\BOOKMARK [0][-]{chapter.10}{\376\377\000D\000e\000s\000a\000r\000r\000o\000l\000l\000o}{}% 27
\BOOKMARK [1][-]{section.10.1}{\376\377\000I\000n\000t\000r\000o\000d\000u\000c\000c\000i\000\363\000n}{chapter.10}% 28
\BOOKMARK [1][-]{section.10.2}{\376\377\000G\000e\000s\000t\000i\000\363\000n\000\040\000d\000e\000\040\000R\000e\000u\000n\000i\000o\000n\000e\000s\000\040\000y\000\040\000D\000o\000c\000u\000m\000e\000n\000t\000a\000c\000i\000\363\000n}{chapter.10}% 29
\BOOKMARK [2][-]{subsection.10.2.1}{\376\377\000F\000o\000r\000m\000a\000t\000o\000\040\000d\000e\000\040\000M\000i\000n\000u\000t\000a\000s\000\040\000d\000e\000\040\000R\000e\000u\000n\000i\000\363\000n}{section.10.2}% 30
\BOOKMARK [2][-]{subsection.10.2.2}{\376\377\000G\000e\000s\000t\000i\000\363\000n\000\040\000d\000e\000\040\000C\000a\000m\000b\000i\000o\000s}{section.10.2}% 31
\BOOKMARK [1][-]{section.10.3}{\376\377\000A\000r\000q\000u\000i\000t\000e\000c\000t\000u\000r\000a\000\040\000T\000\351\000c\000n\000i\000c\000a}{chapter.10}% 32
\BOOKMARK [2][-]{subsection.10.3.1}{\376\377\000S\000t\000a\000c\000k\000\040\000T\000e\000c\000n\000o\000l\000\363\000g\000i\000c\000o}{section.10.3}% 33
\BOOKMARK [2][-]{subsection.10.3.2}{\376\377\000A\000r\000q\000u\000i\000t\000e\000c\000t\000u\000r\000a\000\040\000M\000o\000n\000o\000r\000e\000p\000o}{section.10.3}% 34
\BOOKMARK [1][-]{section.10.4}{\376\377\000M\000\363\000d\000u\000l\000o\000\040\000d\000e\000\040\000E\000v\000i\000d\000e\000n\000c\000i\000a\000s\000\040\000S\000I\000N\000A\000E\000S}{chapter.10}% 35
\BOOKMARK [2][-]{subsection.10.4.1}{\376\377\000D\000e\000s\000c\000r\000i\000p\000c\000i\000\363\000n\000\040\000y\000\040\000C\000l\000i\000e\000n\000t\000e}{section.10.4}% 36
\BOOKMARK [2][-]{subsection.10.4.2}{\376\377\000C\000o\000m\000p\000o\000n\000e\000n\000t\000e\000s\000\040\000P\000r\000i\000n\000c\000i\000p\000a\000l\000e\000s}{section.10.4}% 37
\BOOKMARK [2][-]{subsection.10.4.3}{\376\377\000E\000s\000t\000r\000u\000c\000t\000u\000r\000a\000\040\000d\000e\000\040\000B\000a\000c\000k\000e\000n\000d}{section.10.4}% 38
\BOOKMARK [2][-]{subsection.10.4.4}{\376\377\000I\000n\000t\000e\000r\000f\000a\000z\000\040\000d\000e\000\040\000U\000s\000u\000a\000r\000i\000o}{section.10.4}% 39
\BOOKMARK [1][-]{section.10.5}{\376\377\000M\000\363\000d\000u\000l\000o\000\040\000d\000e\000\040\000T\000i\000e\000m\000p\000o\000s\000\040\000d\000e\000\040\000J\000o\000r\000n\000a\000d\000a}{chapter.10}% 40
\BOOKMARK [2][-]{subsection.10.5.1}{\376\377\000D\000e\000s\000c\000r\000i\000p\000c\000i\000\363\000n\000\040\000y\000\040\000C\000l\000i\000e\000n\000t\000e}{section.10.5}% 41
\BOOKMARK [2][-]{subsection.10.5.2}{\376\377\000C\000o\000m\000p\000o\000n\000e\000n\000t\000e\000s\000\040\000P\000r\000i\000n\000c\000i\000p\000a\000l\000e\000s}{section.10.5}% 42
\BOOKMARK [2][-]{subsection.10.5.3}{\376\377\000M\000o\000d\000e\000l\000o\000\040\000d\000e\000\040\000D\000a\000t\000o\000s}{section.10.5}% 43
\BOOKMARK [2][-]{subsection.10.5.4}{\376\377\000E\000s\000t\000r\000u\000c\000t\000u\000r\000a\000\040\000d\000e\000\040\000B\000a\000c\000k\000e\000n\000d}{section.10.5}% 44
\BOOKMARK [2][-]{subsection.10.5.5}{\376\377\000I\000n\000t\000e\000r\000f\000a\000z\000\040\000d\000e\000\040\000U\000s\000u\000a\000r\000i\000o}{section.10.5}% 45
\BOOKMARK [1][-]{section.10.6}{\376\377\000I\000n\000t\000e\000g\000r\000a\000c\000i\000\363\000n\000\040\000e\000n\000t\000r\000e\000\040\000M\000\363\000d\000u\000l\000o\000s}{chapter.10}% 46
\BOOKMARK [1][-]{section.10.7}{\376\377\000E\000s\000t\000a\000d\000o\000\040\000A\000c\000t\000u\000a\000l\000\040\000d\000e\000l\000\040\000D\000e\000s\000a\000r\000r\000o\000l\000l\000o}{chapter.10}% 47
\BOOKMARK [1][-]{section.10.8}{\376\377\000I\000m\000p\000l\000e\000m\000e\000n\000t\000a\000c\000i\000\363\000n\000\040\000y\000\040\000D\000e\000s\000p\000l\000i\000e\000g\000u\000e}{chapter.10}% 48
\BOOKMARK [2][-]{subsection.10.8.1}{\376\377\000P\000l\000a\000n\000\040\000d\000e\000\040\000I\000m\000p\000l\000e\000m\000e\000n\000t\000a\000c\000i\000\363\000n\000\040\000d\000e\000l\000\040\000S\000i\000s\000t\000e\000m\000a}{section.10.8}% 49
\BOOKMARK [2][-]{subsection.10.8.2}{\376\377\000E\000s\000t\000r\000a\000t\000e\000g\000i\000a\000\040\000d\000e\000\040\000D\000e\000s\000p\000l\000i\000e\000g\000u\000e\000\040\000y\000\040\000A\000m\000b\000i\000e\000n\000t\000e\000s\000\040\000D\000e\000f\000i\000n\000i\000d\000o\000s}{section.10.8}% 50
\BOOKMARK [2][-]{subsection.10.8.3}{\376\377\000P\000r\000o\000c\000e\000d\000i\000m\000i\000e\000n\000t\000o\000\040\000d\000e\000\040\000I\000n\000s\000t\000a\000l\000a\000c\000i\000\363\000n\000\040\000y\000\040\000C\000o\000n\000f\000i\000g\000u\000r\000a\000c\000i\000\363\000n}{section.10.8}% 51
\BOOKMARK [2][-]{subsection.10.8.4}{\376\377\000P\000l\000a\000n\000\040\000d\000e\000\040\000R\000e\000s\000p\000a\000l\000d\000o\000s\000\040\000y\000\040\000R\000e\000c\000u\000p\000e\000r\000a\000c\000i\000\363\000n}{section.10.8}% 52
\BOOKMARK [2][-]{subsection.10.8.5}{\376\377\000C\000a\000p\000a\000c\000i\000t\000a\000c\000i\000\363\000n\000\040\000a\000l\000\040\000U\000s\000u\000a\000r\000i\000o\000\040\000F\000i\000n\000a\000l\000\040\000y\000\040\000E\000n\000t\000r\000e\000g\000a\000\040\000d\000e\000\040\000M\000a\000n\000u\000a\000l\000e\000s}{section.10.8}% 53
\BOOKMARK [1][-]{section.10.9}{\376\377\000A\000c\000e\000p\000t\000a\000c\000i\000\363\000n\000\040\000p\000o\000r\000\040\000P\000a\000r\000t\000e\000\040\000d\000e\000l\000\040\000U\000s\000u\000a\000r\000i\000o}{chapter.10}% 54
\BOOKMARK [2][-]{subsection.10.9.1}{\376\377\000P\000l\000a\000n\000\040\000d\000e\000\040\000P\000r\000u\000e\000b\000a\000s\000\040\000d\000e\000\040\000A\000c\000e\000p\000t\000a\000c\000i\000\363\000n\000\040\000d\000e\000l\000\040\000U\000s\000u\000a\000r\000i\000o\000\040\000\050\000U\000A\000T\000\051}{section.10.9}% 55
\BOOKMARK [2][-]{subsection.10.9.2}{\376\377\000E\000j\000e\000c\000u\000c\000i\000\363\000n\000\040\000y\000\040\000E\000v\000i\000d\000e\000n\000c\000i\000a\000s\000\040\000d\000e\000\040\000l\000a\000s\000\040\000P\000r\000u\000e\000b\000a\000s}{section.10.9}% 56
\BOOKMARK [2][-]{subsection.10.9.3}{\376\377\000B\000i\000t\000\341\000c\000o\000r\000a\000\040\000d\000e\000\040\000H\000a\000l\000l\000a\000z\000g\000o\000s\000\040\000y\000\040\000C\000o\000r\000r\000e\000c\000c\000i\000o\000n\000e\000s\000\040\000A\000p\000l\000i\000c\000a\000d\000a\000s}{section.10.9}% 57
\BOOKMARK [2][-]{subsection.10.9.4}{\376\377\000A\000c\000t\000a\000\040\000d\000e\000\040\000A\000c\000e\000p\000t\000a\000c\000i\000\363\000n}{section.10.9}% 58
\BOOKMARK [1][-]{section.10.10}{\376\377\000D\000e\000s\000a\000f\000\355\000o\000s}{chapter.10}% 59
\BOOKMARK [2][-]{subsection.10.10.1}{\376\377\000D\000e\000s\000a\000f\000\355\000o\000s\000\040\000T\000\351\000c\000n\000i\000c\000o\000s\000\040\000E\000n\000f\000r\000e\000n\000t\000a\000d\000o\000s}{section.10.10}% 60
\BOOKMARK [2][-]{subsection.10.10.2}{\376\377\000R\000i\000e\000s\000g\000o\000s\000\040\000M\000a\000t\000e\000r\000i\000a\000l\000i\000z\000a\000d\000o\000s\000\040\000y\000\040\000A\000c\000c\000i\000o\000n\000e\000s\000\040\000d\000e\000\040\000M\000i\000t\000i\000g\000a\000c\000i\000\363\000n}{section.10.10}% 61
\BOOKMARK [2][-]{subsection.10.10.3}{\376\377\000C\000a\000m\000b\000i\000o\000s\000\040\000d\000e\000\040\000A\000l\000c\000a\000n\000c\000e\000\040\000y\000\040\000s\000u\000\040\000I\000m\000p\000a\000c\000t\000o}{section.10.10}% 62
\BOOKMARK [2][-]{subsection.10.10.4}{\376\377\000L\000e\000c\000c\000i\000o\000n\000e\000s\000\040\000A\000p\000r\000e\000n\000d\000i\000d\000a\000s}{section.10.10}% 63
\BOOKMARK [1][-]{section.10.11}{\376\377\000D\000e\000t\000a\000l\000l\000e\000s\000\040\000T\000\351\000c\000n\000i\000c\000o\000s}{chapter.10}% 64
\BOOKMARK [2][-]{subsection.10.11.1}{\376\377\000A\000r\000q\000u\000i\000t\000e\000c\000t\000u\000r\000a\000\040\000d\000e\000l\000\040\000S\000i\000s\000t\000e\000m\000a}{section.10.11}% 65
\BOOKMARK [2][-]{subsection.10.11.2}{\376\377\000T\000e\000c\000n\000o\000l\000o\000g\000\355\000a\000s\000,\000\040\000L\000e\000n\000g\000u\000a\000j\000e\000s\000\040\000y\000\040\000F\000r\000a\000m\000e\000w\000o\000r\000k\000s\000\040\000U\000t\000i\000l\000i\000z\000a\000d\000o\000s}{section.10.11}% 66
\BOOKMARK [2][-]{subsection.10.11.3}{\376\377\000R\000e\000p\000o\000s\000i\000t\000o\000r\000i\000o\000\040\000d\000e\000l\000\040\000C\000\363\000d\000i\000g\000o\000\040\000F\000u\000e\000n\000t\000e\000\040\000y\000\040\000C\000o\000n\000t\000r\000o\000l\000\040\000d\000e\000\040\000V\000e\000r\000s\000i\000o\000n\000e\000s}{section.10.11}% 67
\BOOKMARK [2][-]{subsection.10.11.4}{\376\377\000E\000s\000t\000\341\000n\000d\000a\000r\000e\000s\000\040\000d\000e\000\040\000C\000o\000d\000i\000f\000i\000c\000a\000c\000i\000\363\000n\000\040\000A\000p\000l\000i\000c\000a\000d\000o\000s}{section.10.11}% 68
\BOOKMARK [2][-]{subsection.10.11.5}{\376\377\000R\000e\000q\000u\000e\000r\000i\000m\000i\000e\000n\000t\000o\000s\000\040\000d\000e\000\040\000H\000a\000r\000d\000w\000a\000r\000e\000\040\000y\000\040\000S\000o\000f\000t\000w\000a\000r\000e\000\040\000p\000a\000r\000a\000\040\000l\000a\000\040\000E\000j\000e\000c\000u\000c\000i\000\363\000n}{section.10.11}% 69
\BOOKMARK [2][-]{subsection.10.11.6}{\376\377\000S\000e\000g\000u\000r\000i\000d\000a\000d\000:\000\040\000A\000u\000t\000e\000n\000t\000i\000c\000a\000c\000i\000\363\000n\000,\000\040\000A\000u\000t\000o\000r\000i\000z\000a\000c\000i\000\363\000n\000\040\000y\000\040\000M\000a\000n\000e\000j\000o\000\040\000d\000e\000\040\000D\000a\000t\000o\000s\000\040\000S\000e\000n\000s\000i\000b\000l\000e\000s}{section.10.11}% 70
\BOOKMARK [0][-]{chapter.11}{\376\377\000C\000o\000n\000c\000l\000u\000s\000i\000o\000n\000e\000s}{}% 71
\BOOKMARK [1][-]{section.11.1}{\376\377\000L\000o\000g\000r\000o\000s\000\040\000h\000a\000s\000t\000a\000\040\000l\000a\000\040\000F\000e\000c\000h\000a\000\040\000\050\000F\000a\000s\000e\000\040\000d\000e\000\040\000P\000l\000a\000n\000i\000f\000i\000c\000a\000c\000i\000\363\000n\000\051}{chapter.11}% 72
\BOOKMARK [0][-]{chapter.12}{\376\377\000R\000e\000c\000o\000m\000e\000n\000d\000a\000c\000i\000o\000n\000e\000s}{}% 73
\BOOKMARK [1][-]{subsection.12.0.1}{\376\377\000E\000n\000f\000o\000q\000u\000e\000\040\000T\000\351\000c\000n\000i\000c\000o\000\040\000y\000\040\000A\000r\000q\000u\000i\000t\000e\000c\000t\000\363\000n\000i\000c\000o}{chapter.12}% 74
\BOOKMARK [2][-]{subsection.12.0.2}{\376\377\000E\000s\000t\000r\000a\000t\000e\000g\000i\000a\000s\000\040\000O\000p\000e\000r\000a\000t\000i\000v\000a\000s\000\040\000y\000\040\000d\000e\000\040\000A\000d\000o\000p\000c\000i\000\363\000n}{subsection.12.0.1}% 75
\BOOKMARK [2][-]{subsection.12.0.3}{\376\377\000C\000r\000e\000c\000i\000m\000i\000e\000n\000t\000o\000\040\000y\000\040\000A\000l\000c\000a\000n\000c\000e\000\040\000F\000u\000t\000u\000r\000o}{subsection.12.0.1}% 76
\BOOKMARK [2][-]{subsection.12.0.4}{\376\377\000G\000e\000s\000t\000i\000\363\000n\000\040\000d\000e\000l\000\040\000C\000o\000n\000o\000c\000i\000m\000i\000e\000n\000t\000o\000\040\000y\000\040\000D\000o\000c\000u\000m\000e\000n\000t\000a\000c\000i\000\363\000n}{subsection.12.0.1}% 77
\BOOKMARK [2][-]{subsection.12.0.5}{\376\377\000S\000o\000s\000t\000e\000n\000i\000b\000i\000l\000i\000d\000a\000d\000\040\000a\000\040\000L\000a\000r\000g\000o\000\040\000P\000l\000a\000z\000o}{subsection.12.0.1}% 78
\BOOKMARK [0][-]{appendix.A}{\376\377\000A\000n\000e\000x\000o\000s}{}% 79
\BOOKMARK [1][-]{section*.6}{\376\377\000A\000n\000e\000x\000o\000\040\0001\000:\000\040\000C\000a\000r\000t\000a\000\040\000d\000e\000\040\000p\000r\000e\000s\000e\000n\000t\000a\000c\000i\000\363\000n}{appendix.A}% 80
\BOOKMARK [2][-]{section*.6}{\376\377\000A\000n\000e\000x\000o\000\040\0002\000:\000\040\000C\000a\000r\000t\000a\000\040\000d\000e\000\040\000i\000n\000t\000e\000n\000c\000i\000o\000n\000e\000s}{appendix.A}% 81
\BOOKMARK [2][-]{section*.6}{\376\377\000A\000n\000e\000x\000o\000\040\0003\000:\000\040\000C\000\363\000d\000i\000g\000o\000\040\000d\000e\000\040\000\311\000t\000i\000c\000a}{appendix.A}% 82
\BOOKMARK [2][-]{section*.6}{\376\377\000A\000n\000e\000x\000o\000\040\0004\000:\000\040\000P\000r\000o\000p\000u\000e\000s\000t\000a\000\040\000d\000e\000l\000\040\000p\000r\000o\000y\000e\000c\000t\000o}{appendix.A}% 83
\BOOKMARK [2][-]{section*.6}{\376\377\000A\000n\000e\000x\000o\000\040\0005\000:\000\040\000R\000e\000g\000i\000s\000t\000r\000o\000\040\000d\000e\000\040\000a\000c\000t\000o\000r\000e\000s\000\040\000d\000e\000l\000\040\000p\000r\000o\000y\000e\000c\000t\000o}{appendix.A}% 84
\BOOKMARK [2][-]{section*.6}{\376\377\000A\000n\000e\000x\000o\000\040\0006\000:\000\040\000F\000o\000r\000m\000a\000t\000o\000\040\000d\000e\000\040\000m\000i\000n\000u\000t\000a\000s\000\040\000d\000e\000\040\000r\000e\000u\000n\000i\000\363\000n}{appendix.A}% 85
\BOOKMARK [2][-]{section*.6}{\376\377\000A\000n\000e\000x\000o\000\040\0007\000:\000\040\000W\000B\000S\000\040\000\050\000E\000s\000t\000r\000u\000c\000t\000u\000r\000a\000\040\000d\000e\000\040\000D\000e\000s\000g\000l\000o\000s\000e\000\040\000d\000e\000\040\000T\000r\000a\000b\000a\000j\000o\000\051}{appendix.A}% 86
\BOOKMARK [2][-]{section*.6}{\376\377\000A\000n\000e\000x\000o\000\040\0008\000:\000\040\000S\000R\000S}{appendix.A}% 87
\BOOKMARK [2][-]{section*.6}{\376\377\000A\000n\000e\000x\000o\000\040\0009\000:\000\040\000M\000o\000d\000e\000l\000o\000\040\000N\000o\000\040\000R\000e\000l\000a\000c\000i\000o\000n\000a\000l}{appendix.A}% 88
\BOOKMARK [2][-]{section*.6}{\376\377\000A\000n\000e\000x\000o\000\040\0001\0000\000:\000\040\000D\000i\000c\000c\000i\000o\000n\000a\000r\000i\000o\000\040\000d\000e\000\040\000D\000a\000t\000o\000s\000\040\000\050\000g\000e\000n\000e\000r\000a\000l\000\051}{appendix.A}% 89
\BOOKMARK [2][-]{section*.6}{\376\377\000A\000n\000e\000x\000o\000\040\0001\0001\000:\000\040\000F\000o\000r\000m\000u\000l\000a\000r\000i\000o\000\040\000d\000e\000\040\000g\000e\000s\000t\000i\000\363\000n\000\040\000d\000e\000\040\000c\000a\000m\000b\000i\000o\000s}{appendix.A}% 90
\BOOKMARK [2][-]{section*.6}{\376\377\000A\000n\000e\000x\000o\000\040\0001\0002\000:\000\040\000C\000a\000r\000p\000e\000t\000a\000\040\000d\000e\000\040\000f\000i\000r\000m\000a\000s}{appendix.A}% 91
\BOOKMARK [2][-]{section*.6}{\376\377\000A\000n\000e\000x\000o\000\040\0001\0003\000:\000\040\000D\000e\000s\000a\000r\000r\000o\000l\000l\000o}{appendix.A}% 92
\BOOKMARK [2][-]{section*.6}{\376\377\000A\000n\000e\000x\000o\000\040\0001\0004\000:\000\040\000D\000i\000c\000c\000i\000o\000n\000a\000r\000i\000o\000\040\000d\000e\000\040\000D\000a\000t\000o\000s\000\040\040\024\000\040\000E\000v\000i\000d\000e\000n\000c\000i\000a\000s\000\040\000S\000I\000N\000A\000E\000S}{appendix.A}% 93
\BOOKMARK [2][-]{section*.6}{\376\377\000A\000n\000e\000x\000o\000\040\0001\0005\000:\000\040\000D\000i\000c\000c\000i\000o\000n\000a\000r\000i\000o\000\040\000d\000e\000\040\000D\000a\000t\000o\000s\000\040\040\024\000\040\000T\000i\000e\000m\000p\000o\000s\000\040\000d\000e\000\040\000J\000o\000r\000n\000a\000d\000a}{appendix.A}% 94
\BOOKMARK [2][-]{section*.6}{\376\377\000A\000n\000e\000x\000o\000\040\0001\0006\000:\000\040\000G\000l\000o\000s\000a\000r\000i\000o}{appendix.A}% 95
\BOOKMARK [2][-]{section*.6}{\376\377\000A\000n\000e\000x\000o\000\040\0001\0007\000:\000\040\000A\000n\000\341\000l\000i\000s\000i\000s}{appendix.A}% 96
\BOOKMARK [2][-]{section*.6}{\376\377\000A\000n\000e\000x\000o\000\040\0001\0008\000:\000\040\000D\000i\000s\000e\000\361\000o\000\040\000\050\000d\000i\000a\000g\000r\000a\000m\000a\000s\000\051}{appendix.A}% 97
\BOOKMARK [0][-]{section*.8}{\376\377\000R\000e\000f\000e\000r\000e\000n\000c\000i\000a\000s\000\040\000b\000i\000b\000l\000i\000o\000g\000r\000\341\000f\000i\000c\000a\000s}{}% 98
